// Jest Snapshot v1, https://goo.gl/fbAQLP

exports[`when given width, size and color (TestRenderer) renders properly 1`] = `
<div
  className="progress progress--big progress--color-red"
>
  <div
    className="progress__bar"
    style={
      Object {
        "width": "33%",
      }
    }
  />
</div>
`;
